plugin-root: /Volumes/mengmotaStorage/local-workspaces/omo-wt/memorian-trigger-coverage/packages/omo-senpi/plugin
senpi-cli: /Volumes/mengmotaStorage/local-workspaces/omo-wt/memorian-trigger-coverage/node_modules/@code-yeongyu/senpi/dist/cli.js
scenario: all
PASS s3.judge-accepted :: pending or nudged before first tool result
PASS s3.mid-turn-recall :: recall after first tool result and before second tool call
PASS s3.nudged-steer :: count=1 via=steer
PASS s3.parent-requests :: parentRequests=3
PASS s3.pending-absent :: pending=false
cleanup: pid 23335 exited, server closed, sandbox removed
PASS s3.realSenpiUntouched :: realSenpiUntouched=true
PASS s4.turn1-parent-requests :: parentRequests=2
PASS s4.turn1-no-recall :: recall=0
PASS s4.turn2-recall :: recallMessages=1
PASS s4.nudged-prompt :: count=1 via=prompt
PASS s4.parent-requests-total :: parentRequests=3
cleanup: pid 23915 exited, server closed, sandbox removed
PASS s4.realSenpiUntouched :: realSenpiUntouched=true
PASS s5.parent-before :: parentRequestsBefore=2
PASS s5.idle-unchanged :: parent requests and assistant messages held for 5s
cleanup: pid 24437 exited, server closed, sandbox removed
PASS s5.realSenpiUntouched :: realSenpiUntouched=true
PASS s6.tool-fixture :: tool=eval codeLength=580 token=rollout.md
PASS s6.judge-accepted :: pending nudge before first tool result
PASS s6.tool-executed :: tool=eval isError=false
PASS s6.judge-launched :: recallRuns=1
PASS s6.arg-harvested :: candidates=/private/var/folders/h6/w548ypzn1k78_xqndn63y7xc0000gn/T/omo-senpi-qa-2yeuHV/memory/agents/project-c284c403/runtime/recall/runs/e9f3c408-2272-4efc-bd89-067ed46e5638/candidates.json seedPath=reference/kubernetes-rollouts.md
PASS s6.mid-turn-recall :: recall after first tool result and before second tool call
PASS s6.no-extra-round :: parentRequests=3
cleanup: pid 25368 exited, server closed, sandbox removed
PASS s6.realSenpiUntouched :: realSenpiUntouched=true
evidence: /Volumes/mengmotaStorage/local-workspaces/omo-wt/memorian-trigger-coverage/.omo/evidence/omo-senpi-adapter/20260907-memorian-trigger-coverage/green
{
  "ok": true,
  "S3": "PASS",
  "S4": "PASS",
  "S5": "PASS",
  "S6": "PASS",
  "total": 23,
  "failures": [],
  "scenarios": {
    "s3": {
      "result": "PASS",
      "parentRequests": 3,
      "judgeRequests": 2,
      "assistantMessages": 3,
      "recallMessages": 1,
      "nudgedEntries": 1,
      "pendingFilePresent": false,
      "realSenpiUntouched": true
    },
    "s4": {
      "result": "PASS",
      "parentRequests": 3,
      "judgeRequests": 2,
      "assistantMessages": 3,
      "recallMessages": 1,
      "nudgedEntries": 1,
      "pendingFilePresent": false,
      "realSenpiUntouched": true
    },
    "s5": {
      "result": "PASS",
      "parentRequests": 2,
      "judgeRequests": 2,
      "assistantMessages": 2,
      "recallMessages": 0,
      "nudgedEntries": 0,
      "pendingFilePresent": true,
      "parentRequestsBefore": 2,
      "parentRequestsAfter": 2,
      "assistantMessagesBefore": 2,
      "assistantMessagesAfter": 2,
      "realSenpiUntouched": true
    },
    "s6": {
      "result": "PASS",
      "parentRequests": 3,
      "judgeRequests": 2,
      "assistantMessages": 3,
      "recallMessages": 1,
      "nudgedEntries": 1,
      "pendingFilePresent": false,
      "tool": "eval",
      "argumentLength": 580,
      "candidatePaths": [
        "reference/kubernetes-rollouts.md"
      ],
      "realSenpiUntouched": true
    }
  }
}
