plugin-root: /private/tmp/ulw-d48/impl-8052-kibitzer-fire/packages/omo-senpi/plugin
senpi-cli: /private/tmp/ulw-d48/impl-8052-kibitzer-fire/node_modules/@code-yeongyu/senpi/dist/cli.js
scenario: all
PASS s1.sandbox-isolated :: agentDir=/private/var/folders/h6/w548ypzn1k78_xqndn63y7xc0000gn/T/omo-senpi-qa-FIh80b/agent memoryHome=/private/var/folders/h6/w548ypzn1k78_xqndn63y7xc0000gn/T/omo-senpi-qa-FIh80b/memory
PASS s1.memory-seeded :: /private/var/folders/h6/w548ypzn1k78_xqndn63y7xc0000gn/T/omo-senpi-qa-FIh80b/memory/agents/project-d93b3478/repo/reference/kubernetes-rollouts.md
PASS s1.seed-turn-gate-quiet :: runs=0 judgeRequests=0
PASS s1.session-identified :: sessionId=01a08a2e-5ac2-7dc5-8959-93fcbf7074da sessionFile=/private/var/folders/h6/w548ypzn1k78_xqndn63y7xc0000gn/T/omo-senpi-qa-FIh80b/agent/sessions/2026-09-10T07-18-08-835Z_01a08a2e-5ac2-7dc5-8959-93fcbf7074da.jsonl
PASS s1.judge-settled :: {"pending":["/private/var/folders/h6/w548ypzn1k78_xqndn63y7xc0000gn/T/omo-senpi-qa-FIh80b/memory/agents/project-d93b3478/runtime/recall/pending/01a08a2e-5ac2-7dc5-8959-93fcbf7074da.json"]}
PASS s1.nudged-entry :: count=1 path=reference/kubernetes-rollouts.md
PASS s1.recall-injected :: count=1
PASS s1.no-failed-gate :: no failed gate entry
PASS s1.run-dir-artifacts :: runs=1 candidates=true stopReason=stop
PASS s1.judge-request-count :: judgeRequests=2
cleanup: pid 99398 exited, server closed, sandbox removed
PASS s2.sandbox-isolated :: agentDir=/private/var/folders/h6/w548ypzn1k78_xqndn63y7xc0000gn/T/omo-senpi-qa-fA9h1b/agent memoryHome=/private/var/folders/h6/w548ypzn1k78_xqndn63y7xc0000gn/T/omo-senpi-qa-fA9h1b/memory
PASS s2.memory-seeded :: /private/var/folders/h6/w548ypzn1k78_xqndn63y7xc0000gn/T/omo-senpi-qa-fA9h1b/memory/agents/project-a40287ba/repo/reference/kubernetes-rollouts.md
PASS s2.seed-turn-gate-quiet :: runs=0 judgeRequests=0
PASS s2.session-identified :: sessionId=01a08a2e-6cd1-776a-9dc2-7f6d79076a2e sessionFile=/private/var/folders/h6/w548ypzn1k78_xqndn63y7xc0000gn/T/omo-senpi-qa-fA9h1b/agent/sessions/2026-09-10T07-18-13-457Z_01a08a2e-6cd1-776a-9dc2-7f6d79076a2e.jsonl
PASS s2.judge-settled :: {"gate":["failed"]}
PASS s2.gate-child-failed :: count=1 cause=child_failed
PASS s2.gate-reason-sanitized :: reason="500: {\"message\":\"mock judge outage\\nline2\"}" length=43
PASS s2.gate-run-id :: runId=1a640b1d-ced7-4bfd-9435-84e03983111f
PASS s2.no-nudged-entry :: count=0
PASS s2.no-pending-file :: no pending nudges
cleanup: pid 635 exited, server closed, sandbox removed
evidence: /private/tmp/ulw-d48/impl-8052-kibitzer-fire/.omo/evidence/omo-senpi-adapter/20260910-kibitzer-fire-hardening/kibitzer-gate-e2e.json
{
  "ok": true,
  "total": 20,
  "failures": []
}
